Archive member included to satisfy reference by file (symbol)

d:/st/stm32cubeide_1.9.0/stm32cubeide/plugins/com.st.stm32cube.ide.mcu.externaltools.gnu-tools-for-stm32.10.3-2021.10.win32_1.0.0.202111181127/tools/bin/../lib/gcc/arm-none-eabi/10.3.1/../../../../arm-none-eabi/lib/thumb/v7-m/nofp\libc_nano.a(lib_a-errno.o)
                              ./Core/Src/syscalls.o (__errno)
d:/st/stm32cubeide_1.9.0/stm32cubeide/plugins/com.st.stm32cube.ide.mcu.externaltools.gnu-tools-for-stm32.10.3-2021.10.win32_1.0.0.202111181127/tools/bin/../lib/gcc/arm-none-eabi/10.3.1/../../../../arm-none-eabi/lib/thumb/v7-m/nofp\libc_nano.a(lib_a-exit.o)
                              d:/st/stm32cubeide_1.9.0/stm32cubeide/plugins/com.st.stm32cube.ide.mcu.externaltools.gnu-tools-for-stm32.10.3-2021.10.win32_1.0.0.202111181127/tools/bin/../lib/gcc/arm-none-eabi/10.3.1/../../../../arm-none-eabi/lib/thumb/v7-m/nofp/crt0.o (exit)
d:/st/stm32cubeide_1.9.0/stm32cubeide/plugins/com.st.stm32cube.ide.mcu.externaltools.gnu-tools-for-stm32.10.3-2021.10.win32_1.0.0.202111181127/tools/bin/../lib/gcc/arm-none-eabi/10.3.1/../../../../arm-none-eabi/lib/thumb/v7-m/nofp\libc_nano.a(lib_a-impure.o)
                              d:/st/stm32cubeide_1.9.0/stm32cubeide/plugins/com.st.stm32cube.ide.mcu.externaltools.gnu-tools-for-stm32.10.3-2021.10.win32_1.0.0.202111181127/tools/bin/../lib/gcc/arm-none-eabi/10.3.1/../../../../arm-none-eabi/lib/thumb/v7-m/nofp\libc_nano.a(lib_a-exit.o) (_global_impure_ptr)
d:/st/stm32cubeide_1.9.0/stm32cubeide/plugins/com.st.stm32cube.ide.mcu.externaltools.gnu-tools-for-stm32.10.3-2021.10.win32_1.0.0.202111181127/tools/bin/../lib/gcc/arm-none-eabi/10.3.1/../../../../arm-none-eabi/lib/thumb/v7-m/nofp\libc_nano.a(lib_a-init.o)
                              d:/st/stm32cubeide_1.9.0/stm32cubeide/plugins/com.st.stm32cube.ide.mcu.externaltools.gnu-tools-for-stm32.10.3-2021.10.win32_1.0.0.202111181127/tools/bin/../lib/gcc/arm-none-eabi/10.3.1/../../../../arm-none-eabi/lib/thumb/v7-m/nofp/crt0.o (__libc_init_array)
d:/st/stm32cubeide_1.9.0/stm32cubeide/plugins/com.st.stm32cube.ide.mcu.externaltools.gnu-tools-for-stm32.10.3-2021.10.win32_1.0.0.202111181127/tools/bin/../lib/gcc/arm-none-eabi/10.3.1/../../../../arm-none-eabi/lib/thumb/v7-m/nofp\libc_nano.a(lib_a-memset.o)
                              d:/st/stm32cubeide_1.9.0/stm32cubeide/plugins/com.st.stm32cube.ide.mcu.externaltools.gnu-tools-for-stm32.10.3-2021.10.win32_1.0.0.202111181127/tools/bin/../lib/gcc/arm-none-eabi/10.3.1/../../../../arm-none-eabi/lib/thumb/v7-m/nofp/crt0.o (memset)
d:/st/stm32cubeide_1.9.0/stm32cubeide/plugins/com.st.stm32cube.ide.mcu.externaltools.gnu-tools-for-stm32.10.3-2021.10.win32_1.0.0.202111181127/tools/bin/../lib/gcc/arm-none-eabi/10.3.1/../../../../arm-none-eabi/lib/thumb/v7-m/nofp\libc_nano.a(lib_a-strlen.o)
                              ./Core/Console/Console.o (strlen)
d:/st/stm32cubeide_1.9.0/stm32cubeide/plugins/com.st.stm32cube.ide.mcu.externaltools.gnu-tools-for-stm32.10.3-2021.10.win32_1.0.0.202111181127/tools/bin/../lib/gcc/arm-none-eabi/10.3.1/../../../../arm-none-eabi/lib/thumb/v7-m/nofp\libc_nano.a(lib_a-vsprintf.o)
                              ./Core/Console/Console.o (vsprintf)
d:/st/stm32cubeide_1.9.0/stm32cubeide/plugins/com.st.stm32cube.ide.mcu.externaltools.gnu-tools-for-stm32.10.3-2021.10.win32_1.0.0.202111181127/tools/bin/../lib/gcc/arm-none-eabi/10.3.1/../../../../arm-none-eabi/lib/thumb/v7-m/nofp\libc_nano.a(lib_a-nano-svfprintf.o)
                              d:/st/stm32cubeide_1.9.0/stm32cubeide/plugins/com.st.stm32cube.ide.mcu.externaltools.gnu-tools-for-stm32.10.3-2021.10.win32_1.0.0.202111181127/tools/bin/../lib/gcc/arm-none-eabi/10.3.1/../../../../arm-none-eabi/lib/thumb/v7-m/nofp\libc_nano.a(lib_a-vsprintf.o) (_svfprintf_r)
d:/st/stm32cubeide_1.9.0/stm32cubeide/plugins/com.st.stm32cube.ide.mcu.externaltools.gnu-tools-for-stm32.10.3-2021.10.win32_1.0.0.202111181127/tools/bin/../lib/gcc/arm-none-eabi/10.3.1/../../../../arm-none-eabi/lib/thumb/v7-m/nofp\libc_nano.a(lib_a-nano-vfprintf_i.o)
                              d:/st/stm32cubeide_1.9.0/stm32cubeide/plugins/com.st.stm32cube.ide.mcu.externaltools.gnu-tools-for-stm32.10.3-2021.10.win32_1.0.0.202111181127/tools/bin/../lib/gcc/arm-none-eabi/10.3.1/../../../../arm-none-eabi/lib/thumb/v7-m/nofp\libc_nano.a(lib_a-nano-svfprintf.o) (_printf_i)
d:/st/stm32cubeide_1.9.0/stm32cubeide/plugins/com.st.stm32cube.ide.mcu.externaltools.gnu-tools-for-stm32.10.3-2021.10.win32_1.0.0.202111181127/tools/bin/../lib/gcc/arm-none-eabi/10.3.1/../../../../arm-none-eabi/lib/thumb/v7-m/nofp\libc_nano.a(lib_a-memchr-stub.o)
                              d:/st/stm32cubeide_1.9.0/stm32cubeide/plugins/com.st.stm32cube.ide.mcu.externaltools.gnu-tools-for-stm32.10.3-2021.10.win32_1.0.0.202111181127/tools/bin/../lib/gcc/arm-none-eabi/10.3.1/../../../../arm-none-eabi/lib/thumb/v7-m/nofp\libc_nano.a(lib_a-nano-svfprintf.o) (memchr)
[...]
Memory Configuration

Name             Origin             Length             Attributes
RAM              0x0000000020000000 0x0000000000005000 xrw
FLASH            0x0000000008000000 0x0000000000010000 xr
*default*        0x0000000000000000 0xffffffffffffffff

Linker script and memory map

LOAD d:/st/stm32cubeide_1.9.0/stm32cubeide/plugins/com.st.stm32cube.ide.mcu.externaltools.gnu-tools-for-stm32.10.3-2021.10.win32_1.0.0.202111181127/tools/bin/../lib/gcc/arm-none-eabi/10.3.1/thumb/v7-m/nofp/crti.o
LOAD d:/st/stm32cubeide_1.9.0/stm32cubeide/plugins/com.st.stm32cube.ide.mcu.externaltools.gnu-tools-for-stm32.10.3-2021.10.win32_1.0.0.202111181127/tools/bin/../lib/gcc/arm-none-eabi/10.3.1/thumb/v7-m/nofp/crtbegin.o
LOAD d:/st/stm32cubeide_1.9.0/stm32cubeide/plugins/com.st.stm32cube.ide.mcu.externaltools.gnu-tools-for-stm32.10.3-2021.10.win32_1.0.0.202111181127/tools/bin/../lib/gcc/arm-none-eabi/10.3.1/../../../../arm-none-eabi/lib/thumb/v7-m/nofp/crt0.o
LOAD ./Core/CAN/CAN.o
LOAD ./Core/Console/Console.o
LOAD ./Core/GPIO/GPIO.o
LOAD ./Core/Src/main.o
LOAD ./Core/Src/stm32f1xx_hal_msp.o
LOAD ./Core/Src/stm32f1xx_it.o
LOAD ./Core/Src/syscalls.o
LOAD ./Core/Src/sysmem.o
LOAD ./Core/Src/system_stm32f1xx.o
LOAD ./Core/Startup/startup_stm32f103c8tx.o
LOAD ./Drivers/STM32F1xx_HAL_Driver/stm32f1xx_hal.o
LOAD ./Drivers/STM32F1xx_HAL_Driver/stm32f1xx_hal_cortex.o
LOAD ./Drivers/STM32F1xx_HAL_Driver/stm32f1xx_hal_dma.o
LOAD ./Drivers/STM32F1xx_HAL_Driver/stm32f1xx_hal_exti.o
LOAD ./Drivers/STM32F1xx_HAL_Driver/stm32f1xx_hal_flash.o
LOAD ./Drivers/STM32F1xx_HAL_Driver/stm32f1xx_hal_flash_ex.o
LOAD ./Drivers/STM32F1xx_HAL_Driver/stm32f1xx_hal_gpio.o
LOAD ./Drivers/STM32F1xx_HAL_Driver/stm32f1xx_hal_gpio_ex.o
LOAD ./Drivers/STM32F1xx_HAL_Driver/stm32f1xx_hal_pwr.o
LOAD ./Drivers/STM32F1xx_HAL_Driver/stm32f1xx_hal_rcc.o
LOAD ./Drivers/STM32F1xx_HAL_Driver/stm32f1xx_hal_rcc_ex.o
LOAD ./Drivers/STM32F1xx_HAL_Driver/stm32f1xx_hal_tim.o
LOAD ./Drivers/STM32F1xx_HAL_Driver/stm32f1xx_hal_tim_ex.o
START GROUP
LOAD d:/st/stm32cubeide_1.9.0/stm32cubeide/plugins/com.st.stm32cube.ide.mcu.externaltools.gnu-tools-for-stm32.10.3-2021.10.win32_1.0.0.202111181127/tools/bin/../lib/gcc/arm-none-eabi/10.3.1/../../../../arm-none-eabi/lib/thumb/v7-m/nofp\libc_nano.a
LOAD d:/st/stm32cubeide_1.9.0/stm32cubeide/plugins/com.st.stm32cube.ide.mcu.externaltools.gnu-tools-for-stm32.10.3-2021.10.win32_1.0.0.202111181127/tools/bin/../lib/gcc/arm-none-eabi/10.3.1/../../../../arm-none-eabi/lib/thumb/v7-m/nofp\libm.a
END GROUP
START GROUP
LOAD d:/st/stm32cubeide_1.9.0/stm32cubeide/plugins/com.st.stm32cube.ide.mcu.externaltools.gnu-tools-for-stm32.10.3-2021.10.win32_1.0.0.202111181127/tools/bin/../lib/gcc/arm-none-eabi/10.3.1/thumb/v7-m/nofp\libgcc.a
LOAD d:/st/stm32cubeide_1.9.0/stm32cubeide/plugins/com.st.stm32cube.ide.mcu.externaltools.gnu-tools-for-stm32.10.3-2021.10.win32_1.0.0.202111181127/tools/bin/../lib/gcc/arm-none-eabi/10.3.1/../../../../arm-none-eabi/lib/thumb/v7-m/nofp\libc_nano.a
END GROUP
START GROUP
LOAD d:/st/stm32cubeide_1.9.0/stm32cubeide/plugins/com.st.stm32cube.ide.mcu.externaltools.gnu-tools-for-stm32.10.3-2021.10.win32_1.0.0.202111181127/tools/bin/../lib/gcc/arm-none-eabi/10.3.1/thumb/v7-m/nofp\libgcc.a
LOAD d:/st/stm32cubeide_1.9.0/stm32cubeide/plugins/com.st.stm32cube.ide.mcu.externaltools.gnu-tools-for-stm32.10.3-2021.10.win32_1.0.0.202111181127/tools/bin/../lib/gcc/arm-none-eabi/10.3.1/../../../../arm-none-eabi/lib/thumb/v7-m/nofp\libc_nano.a
LOAD d:/st/stm32cubeide_1.9.0/stm32cubeide/plugins/com.st.stm32cube.ide.mcu.externaltools.gnu-tools-for-stm32.10.3-2021.10.win32_1.0.0.202111181127/tools/bin/../lib/gcc/arm-none-eabi/10.3.1/../../../../arm-none-eabi/lib/thumb/v7-m/nofp\libnosys.a
END GROUP
START GROUP
LOAD d:/st/stm32cubeide_1.9.0/stm32cubeide/plugins/com.st.stm32cube.ide.mcu.externaltools.gnu-tools-for-stm32.10.3-2021.10.win32_1.0.0.202111181127/tools/bin/../lib/gcc/arm-none-eabi/10.3.1/thumb/v7-m/nofp\libgcc.a
LOAD d:/st/stm32cubeide_1.9.0/stm32cubeide/plugins/com.st.stm32cube.ide.mcu.externaltools.gnu-tools-for-stm32.10.3-2021.10.win32_1.0.0.202111181127/tools/bin/../lib/gcc/arm-none-eabi/10.3.1/../../../../arm-none-eabi/lib/thumb/v7-m/nofp\libc_nano.a
LOAD d:/st/stm32cubeide_1.9.0/stm32cubeide/plugins/com.st.stm32cube.ide.mcu.externaltools.gnu-tools-for-stm32.10.3-2021.10.win32_1.0.0.202111181127/tools/bin/../lib/gcc/arm-none-eabi/10.3.1/../../../../arm-none-eabi/lib/thumb/v7-m/nofp\libnosys.a
END GROUP
LOAD d:/st/stm32cubeide_1.9.0/stm32cubeide/plugins/com.st.stm32cube.ide.mcu.externaltools.gnu-tools-for-stm32.10.3-2021.10.win32_1.0.0.202111181127/tools/bin/../lib/gcc/arm-none-eabi/10.3.1/thumb/v7-m/nofp/crtend.o
LOAD d:/st/stm32cubeide_1.9.0/stm32cubeide/plugins/com.st.stm32cube.ide.mcu.externaltools.gnu-tools-for-stm32.10.3-2021.10.win32_1.0.0.202111181127/tools/bin/../lib/gcc/arm-none-eabi/10.3.1/thumb/v7-m/nofp/crtn.o
                0x0000000020005000                _estack = (ORIGIN (RAM) + LENGTH (RAM))
                0x0000000000000200                _Min_Heap_Size = 0x200
                0x0000000000000400                _Min_Stack_Size = 0x400

.isr_vector     0x0000000008000000      0x10c
                0x0000000008000000                . = ALIGN (0x4)
 *(.isr_vector)
 .isr_vector    0x0000000008000000      0x10c ./Core/Startup/startup_stm32f103c8tx.o
                0x0000000008000000                g_pfnVectors
                0x000000000800010c                . = ALIGN (0x4)

.text           0x000000000800010c     0x1384
                0x000000000800010c                . = ALIGN (0x4)
 *(.text)
 .text          0x000000000800010c       0x40 d:/st/stm32cubeide_1.9.0/stm32cubeide/plugins/com.st.stm32cube.ide.mcu.externaltools.gnu-tools-for-stm32.10.3-2021.10.win32_1.0.0.202111181127/tools/bin/../lib/gcc/arm-none-eabi/10.3.1/thumb/v7-m/nofp/crtbegin.o
 *(.text*)
 .text.CAN_Init
                0x000000000800014c       0x98 ./Core/CAN/CAN.o
                0x000000000800014c                CAN_Init
 .text.CAN_Filter_Init
                0x00000000080001e4      0x11c ./Core/CAN/CAN.o
                0x00000000080001e4                CAN_Filter_Init
 .text.CAN_Start
                0x0000000008000300       0x54 ./Core/CAN/CAN.o
                0x0000000008000300                CAN_Start
 .text.CAN_Send_Packet
                0x0000000008000354      0x17c ./Core/CAN/CAN.o
                0x0000000008000354                CAN_Send_Packet
 .text.CAN_Get_Packet
                0x00000000080004d0      0x16c ./Core/CAN/CAN.o
                0x00000000080004d0                CAN_Get_Packet
 .text.Console_Init
                0x000000000800063c       0x88 ./Core/Console/Console.o
                0x000000000800063c                Console_Init
 .text.main     0x00000000080006c4       0xac ./Core/Src/main.o
                0x00000000080006c4                main
 .text.USB_LP_CAN1_RX0_IRQHandler
                0x0000000008000770       0x18 ./Core/Src/main.o
                0x0000000008000770                USB_LP_CAN1_RX0_IRQHandler
 .text.SystemClock_Config
                0x0000000008000788       0x8a ./Core/Src/main.o
                0x0000000008000788                SystemClock_Config
 *fill*         0x0000000008000812        0x2 
 .text.MX_GPIO_Init
                0x0000000008000814       0x44 ./Core/Src/main.o
 .text.Error_Handler
                0x0000000008000858        0xa ./Core/Src/main.o
                0x0000000008000858                Error_Handler
 *fill*         0x0000000008000862        0x2 
 .text.HAL_MspInit
                0x0000000008000864       0x64 ./Core/Src/stm32f1xx_hal_msp.o
                0x0000000008000864                HAL_MspInit
 .text.NMI_Handler
                0x00000000080008c8        0x6 ./Core/Src/stm32f1xx_it.o
                0x00000000080008c8                NMI_Handler
 .text.HardFault_Handler
                0x00000000080008ce        0x6 ./Core/Src/stm32f1xx_it.o
                0x00000000080008ce                HardFault_Handler
 .text.MemManage_Handler
                0x00000000080008d4        0x6 ./Core/Src/stm32f1xx_it.o
                0x00000000080008d4                MemManage_Handler
 .text.BusFault_Handler
                0x00000000080008da        0x6 ./Core/Src/stm32f1xx_it.o
                0x00000000080008da                BusFault_Handler
 .text.UsageFault_Handler
                0x00000000080008e0        0x6 ./Core/Src/stm32f1xx_it.o
                0x00000000080008e0                UsageFault_Handler
 .text.SVC_Handler
                0x00000000080008e6        0xc ./Core/Src/stm32f1xx_it.o
                0x00000000080008e6                SVC_Handler
 .text.DebugMon_Handler
                0x00000000080008f2        0xc ./Core/Src/stm32f1xx_it.o
                0x00000000080008f2                DebugMon_Handler
 .text.PendSV_Handler
                0x00000000080008fe        0xc ./Core/Src/stm32f1xx_it.o
                0x00000000080008fe                PendSV_Handler
 .text.SysTick_Handler
                0x000000000800090a        0xc ./Core/Src/stm32f1xx_it.o
                0x000000000800090a                SysTick_Handler
 .text.SystemInit
                0x0000000008000916        0xc ./Core/Src/system_stm32f1xx.o
                0x0000000008000916                SystemInit
 *fill*         0x0000000008000922        0x2 
 .text.Reset_Handler
                0x0000000008000924       0x48 ./Core/Startup/startup_stm32f103c8tx.o
                0x0000000008000924                Reset_Handler
 .text.Default_Handler
                0x000000000800096c        0x2 ./Core/Startup/startup_stm32f103c8tx.o
                0x000000000800096c                RTC_Alarm_IRQHandler
                0x000000000800096c                EXTI2_IRQHandler
                0x000000000800096c                TIM1_CC_IRQHandler
                0x000000000800096c                PVD_IRQHandler
                0x000000000800096c                EXTI3_IRQHandler
                0x000000000800096c                EXTI0_IRQHandler
                0x000000000800096c                I2C2_EV_IRQHandler
                0x000000000800096c                ADC1_2_IRQHandler
                0x000000000800096c                SPI1_IRQHandler
                0x000000000800096c                TAMPER_IRQHandler
                0x000000000800096c                DMA1_Channel4_IRQHandler
                0x000000000800096c                USART3_IRQHandler
                0x000000000800096c                RTC_IRQHandler
                0x000000000800096c                DMA1_Channel7_IRQHandler
                0x000000000800096c                CAN1_RX1_IRQHandler
                0x000000000800096c                TIM4_IRQHandler
                0x000000000800096c                I2C1_EV_IRQHandler
                0x000000000800096c                DMA1_Channel6_IRQHandler
                0x000000000800096c                TIM3_IRQHandler
                0x000000000800096c                RCC_IRQHandler
                0x000000000800096c                TIM1_TRG_COM_IRQHandler
                0x000000000800096c                DMA1_Channel1_IRQHandler
                0x000000000800096c                Default_Handler
                0x000000000800096c                EXTI15_10_IRQHandler
                0x000000000800096c                EXTI9_5_IRQHandler
                0x000000000800096c                SPI2_IRQHandler
                0x000000000800096c                DMA1_Channel5_IRQHandler
                0x000000000800096c                EXTI4_IRQHandler
                0x000000000800096c                USB_HP_CAN1_TX_IRQHandler
                0x000000000800096c                DMA1_Channel3_IRQHandler
                0x000000000800096c                TIM1_UP_IRQHandler
                0x000000000800096c                WWDG_IRQHandler
                0x000000000800096c                TIM2_IRQHandler
                0x000000000800096c                TIM1_BRK_IRQHandler
                0x000000000800096c                EXTI1_IRQHandler
                0x000000000800096c                USART2_IRQHandler
                0x000000000800096c                I2C2_ER_IRQHandler
                0x000000000800096c                DMA1_Channel2_IRQHandler
                0x000000000800096c                CAN1_SCE_IRQHandler
                0x000000000800096c                FLASH_IRQHandler
                0x000000000800096c                USART1_IRQHandler
                0x000000000800096c                I2C1_ER_IRQHandler
                0x000000000800096c                USBWakeUp_IRQHandler
 *fill*         0x000000000800096e        0x2 
 .text.HAL_Init
                0x0000000008000970       0x2c ./Drivers/STM32F1xx_HAL_Driver/stm32f1xx_hal.o
                0x0000000008000970                HAL_Init
 .text.HAL_InitTick
                0x000000000800099c       0x60 ./Drivers/STM32F1xx_HAL_Driver/stm32f1xx_hal.o
                0x000000000800099c                HAL_InitTick
 .text.HAL_IncTick
                0x00000000080009fc       0x24 ./Drivers/STM32F1xx_HAL_Driver/stm32f1xx_hal.o
                0x00000000080009fc                HAL_IncTick
 .text.HAL_GetTick
                0x0000000008000a20       0x14 ./Drivers/STM32F1xx_HAL_Driver/stm32f1xx_hal.o
                0x0000000008000a20                HAL_GetTick
 .text.__NVIC_SetPriorityGrouping
                0x0000000008000a34       0x48 ./Drivers/STM32F1xx_HAL_Driver/stm32f1xx_hal_cortex.o
 .text.__NVIC_GetPriorityGrouping
                0x0000000008000a7c       0x1c ./Drivers/STM32F1xx_HAL_Driver/stm32f1xx_hal_cortex.o
 .text.__NVIC_EnableIRQ
                0x0000000008000a98       0x38 ./Drivers/STM32F1xx_HAL_Driver/stm32f1xx_hal_cortex.o
 .text.__NVIC_SetPriority
                0x0000000008000ad0       0x54 ./Drivers/STM32F1xx_HAL_Driver/stm32f1xx_hal_cortex.o
 .text.NVIC_EncodePriority
                0x0000000008000b24       0x64 ./Drivers/STM32F1xx_HAL_Driver/stm32f1xx_hal_cortex.o
 .text.SysTick_Config
                0x0000000008000b88       0x44 ./Drivers/STM32F1xx_HAL_Driver/stm32f1xx_hal_cortex.o
 .text.HAL_NVIC_SetPriorityGrouping
                0x0000000008000bcc       0x16 ./Drivers/STM32F1xx_HAL_Driver/stm32f1xx_hal_cortex.o
                0x0000000008000bcc                HAL_NVIC_SetPriorityGrouping
 .text.HAL_NVIC_SetPriority
                0x0000000008000be2       0x38 ./Drivers/STM32F1xx_HAL_Driver/stm32f1xx_hal_cortex.o
                0x0000000008000be2                HAL_NVIC_SetPriority
 .text.HAL_NVIC_EnableIRQ
                0x0000000008000c1a       0x1c ./Drivers/STM32F1xx_HAL_Driver/stm32f1xx_hal_cortex.o
                0x0000000008000c1a                HAL_NVIC_EnableIRQ
 .text.HAL_SYSTICK_Config
                0x0000000008000c36       0x18 ./Drivers/STM32F1xx_HAL_Driver/stm32f1xx_hal_cortex.o
                0x0000000008000c36                HAL_SYSTICK_Config
 *fill*         0x0000000008000c4e        0x2 
 .text.HAL_RCC_OscConfig
                0x0000000008000c50      0x504 ./Drivers/STM32F1xx_HAL_Driver/stm32f1xx_hal_rcc.o
                0x0000000008000c50                HAL_RCC_OscConfig
 .text.HAL_RCC_ClockConfig
                0x0000000008001154      0x1d4 ./Drivers/STM32F1xx_HAL_Driver/stm32f1xx_hal_rcc.o
                0x0000000008001154                HAL_RCC_ClockConfig
 .text.HAL_RCC_GetSysClockFreq
                0x0000000008001328       0xbc ./Drivers/STM32F1xx_HAL_Driver/stm32f1xx_hal_rcc.o
                0x0000000008001328                HAL_RCC_GetSysClockFreq
 .text.RCC_Delay
                0x00000000080013e4       0x3c ./Drivers/STM32F1xx_HAL_Driver/stm32f1xx_hal_rcc.o
 .text.__libc_init_array
                0x0000000008001420       0x48 d:/st/stm32cubeide_1.9.0/stm32cubeide/plugins/com.st.stm32cube.ide.mcu.externaltools.gnu-tools-for-stm32.10.3-2021.10.win32_1.0.0.202111181127/tools/bin/../lib/gcc/arm-none-eabi/10.3.1/../../../../arm-none-eabi/lib/thumb/v7-m/nofp\libc_nano.a(lib_a-init.o)
                0x0000000008001420                __libc_init_array
 .text.memset   0x0000000008001468       0x10 d:/st/stm32cubeide_1.9.0/stm32cubeide/plugins/com.st.stm32cube.ide.mcu.externaltools.gnu-tools-for-stm32.10.3-2021.10.win32_1.0.0.202111181127/tools/bin/../lib/gcc/arm-none-eabi/10.3.1/../../../../arm-none-eabi/lib/thumb/v7-m/nofp\libc_nano.a(lib_a-memset.o)
                0x0000000008001468                memset
 *(.glue_7)
 .glue_7        0x0000000008001478        0x0 linker stubs
 *(.glue_7t)
 .glue_7t       0x0000000008001478        0x0 linker stubs
 *(.eh_frame)
 .eh_frame      0x0000000008001478        0x0 d:/st/stm32cubeide_1.9.0/stm32cubeide/plugins/com.st.stm32cube.ide.mcu.externaltools.gnu-tools-for-stm32.10.3-2021.10.win32_1.0.0.202111181127/tools/bin/../lib/gcc/arm-none-eabi/10.3.1/thumb/v7-m/nofp/crtbegin.o
 *(.init)
 .init          0x0000000008001478        0x4 d:/st/stm32cubeide_1.9.0/stm32cubeide/plugins/com.st.stm32cube.ide.mcu.externaltools.gnu-tools-for-stm32.10.3-2021.10.win32_1.0.0.202111181127/tools/bin/../lib/gcc/arm-none-eabi/10.3.1/thumb/v7-m/nofp/crti.o
                0x0000000008001478                _init
 .init          0x000000000800147c        0x8 d:/st/stm32cubeide_1.9.0/stm32cubeide/plugins/com.st.stm32cube.ide.mcu.externaltools.gnu-tools-for-stm32.10.3-2021.10.win32_1.0.0.202111181127/tools/bin/../lib/gcc/arm-none-eabi/10.3.1/thumb/v7-m/nofp/crtn.o
 *(.fini)
 .fini          0x0000000008001484        0x4 d:/st/stm32cubeide_1.9.0/stm32cubeide/plugins/com.st.stm32cube.ide.mcu.externaltools.gnu-tools-for-stm32.10.3-2021.10.win32_1.0.0.202111181127/tools/bin/../lib/gcc/arm-none-eabi/10.3.1/thumb/v7-m/nofp/crti.o
                0x0000000008001484                _fini
 .fini          0x0000000008001488        0x8 d:/st/stm32cubeide_1.9.0/stm32cubeide/plugins/com.st.stm32cube.ide.mcu.externaltools.gnu-tools-for-stm32.10.3-2021.10.win32_1.0.0.202111181127/tools/bin/../lib/gcc/arm-none-eabi/10.3.1/thumb/v7-m/nofp/crtn.o
                0x0000000008001490                . = ALIGN (0x4)
                0x0000000008001490                _etext = .

.vfp11_veneer   0x0000000008001490        0x0
 .vfp11_veneer  0x0000000008001490        0x0 linker stubs

.v4_bx          0x0000000008001490        0x0
 .v4_bx         0x0000000008001490        0x0 linker stubs

.iplt           0x0000000008001490        0x0
 .iplt          0x0000000008001490        0x0 d:/st/stm32cubeide_1.9.0/stm32cubeide/plugins/com.st.stm32cube.ide.mcu.externaltools.gnu-tools-for-stm32.10.3-2021.10.win32_1.0.0.202111181127/tools/bin/../lib/gcc/arm-none-eabi/10.3.1/thumb/v7-m/nofp/crtbegin.o

.rodata         0x0000000008001490       0x20
                0x0000000008001490                . = ALIGN (0x4)
 *(.rodata)
 .rodata        0x0000000008001490       0x10 ./Drivers/STM32F1xx_HAL_Driver/stm32f1xx_hal_rcc.o
 *(.rodata*)
 .rodata.AHBPrescTable
                0x00000000080014a0       0x10 ./Core/Src/system_stm32f1xx.o
                0x00000000080014a0                AHBPrescTable
                0x00000000080014b0                . = ALIGN (0x4)

.rel.dyn        0x00000000080014b0        0x0
 .rel.iplt      0x00000000080014b0        0x0 d:/st/stm32cubeide_1.9.0/stm32cubeide/plugins/com.st.stm32cube.ide.mcu.externaltools.gnu-tools-for-stm32.10.3-2021.10.win32_1.0.0.202111181127/tools/bin/../lib/gcc/arm-none-eabi/10.3.1/thumb/v7-m/nofp/crtbegin.o

.ARM.extab      0x00000000080014b0        0x0
                0x00000000080014b0                . = ALIGN (0x4)
 *(.ARM.extab* .gnu.linkonce.armextab.*)
                0x00000000080014b0                . = ALIGN (0x4)

.ARM            0x00000000080014b0        0x0
                0x00000000080014b0                . = ALIGN (0x4)
                0x00000000080014b0                __exidx_start = .
 *(.ARM.exidx*)
                0x00000000080014b0                __exidx_end = .
                0x00000000080014b0                . = ALIGN (0x4)

.preinit_array  0x00000000080014b0        0x0
                0x00000000080014b0                . = ALIGN (0x4)
                0x00000000080014b0                PROVIDE (__preinit_array_start = .)
 *(.preinit_array*)
                0x00000000080014b0                PROVIDE (__preinit_array_end = .)
                0x00000000080014b0                . = ALIGN (0x4)

.init_array     0x00000000080014b0        0x4
                0x00000000080014b0                . = ALIGN (0x4)
                0x00000000080014b0                PROVIDE (__init_array_start = .)
 *(SORT_BY_NAME(.init_array.*))
 *(.init_array*)
 .init_array    0x00000000080014b0        0x4 d:/st/stm32cubeide_1.9.0/stm32cubeide/plugins/com.st.stm32cube.ide.mcu.externaltools.gnu-tools-for-stm32.10.3-2021.10.win32_1.0.0.202111181127/tools/bin/../lib/gcc/arm-none-eabi/10.3.1/thumb/v7-m/nofp/crtbegin.o
                0x00000000080014b4                PROVIDE (__init_array_end = .)
                0x00000000080014b4                . = ALIGN (0x4)

.fini_array     0x00000000080014b4        0x4
                0x00000000080014b4                . = ALIGN (0x4)
                [!provide]                        PROVIDE (__fini_array_start = .)
 *(SORT_BY_NAME(.fini_array.*))
 *(.fini_array*)
 .fini_array    0x00000000080014b4        0x4 d:/st/stm32cubeide_1.9.0/stm32cubeide/plugins/com.st.stm32cube.ide.mcu.externaltools.gnu-tools-for-stm32.10.3-2021.10.win32_1.0.0.202111181127/tools/bin/../lib/gcc/arm-none-eabi/10.3.1/thumb/v7-m/nofp/crtbegin.o
                [!provide]                        PROVIDE (__fini_array_end = .)
                0x00000000080014b8                . = ALIGN (0x4)
                0x00000000080014b8                _sidata = LOADADDR (.data)

.data           0x0000000020000000        0xc load address 0x00000000080014b8
                0x0000000020000000                . = ALIGN (0x4)
                0x0000000020000000                _sdata = .
 *(.data)
 *(.data*)
 .data.SystemCoreClock
                0x0000000020000000        0x4 ./Core/Src/system_stm32f1xx.o
                0x0000000020000000                SystemCoreClock
 .data.uwTickPrio
                0x0000000020000004        0x4 ./Drivers/STM32F1xx_HAL_Driver/stm32f1xx_hal.o
                0x0000000020000004                uwTickPrio
 .data.uwTickFreq
                0x0000000020000008        0x1 ./Drivers/STM32F1xx_HAL_Driver/stm32f1xx_hal.o
                0x0000000020000008                uwTickFreq
 *(.RamFunc)
 *(.RamFunc*)
                0x000000002000000c                . = ALIGN (0x4)
 *fill*         0x0000000020000009        0x3 
                0x000000002000000c                _edata = .

.igot.plt       0x000000002000000c        0x0 load address 0x00000000080014c4
 .igot.plt      0x000000002000000c        0x0 d:/st/stm32cubeide_1.9.0/stm32cubeide/plugins/com.st.stm32cube.ide.mcu.externaltools.gnu-tools-for-stm32.10.3-2021.10.win32_1.0.0.202111181127/tools/bin/../lib/gcc/arm-none-eabi/10.3.1/thumb/v7-m/nofp/crtbegin.o
                0x000000002000000c                . = ALIGN (0x4)

.bss            0x000000002000000c       0xc0 load address 0x00000000080014c4
                0x000000002000000c                _sbss = .
                0x000000002000000c                __bss_start__ = _sbss
 *(.bss)
 .bss           0x000000002000000c       0x1c d:/st/stm32cubeide_1.9.0/stm32cubeide/plugins/com.st.stm32cube.ide.mcu.externaltools.gnu-tools-for-stm32.10.3-2021.10.win32_1.0.0.202111181127/tools/bin/../lib/gcc/arm-none-eabi/10.3.1/thumb/v7-m/nofp/crtbegin.o
 *(.bss*)
 .bss.TX        0x0000000020000028       0x34 ./Core/Src/main.o
                0x0000000020000028                TX
 .bss.RX        0x000000002000005c       0x38 ./Core/Src/main.o
                0x000000002000005c                RX
 .bss.filter    0x0000000020000094       0x20 ./Core/Src/main.o
                0x0000000020000094                filter
 .bss.CAN       0x00000000200000b4       0x10 ./Core/Src/main.o
                0x00000000200000b4                CAN
 .bss.Identifier
                0x00000000200000c4        0x4 ./Core/Src/main.o
                0x00000000200000c4                Identifier
 .bss.uwTick    0x00000000200000c8        0x4 ./Drivers/STM32F1xx_HAL_Driver/stm32f1xx_hal.o
                0x00000000200000c8                uwTick
 *(COMMON)
                0x00000000200000cc                . = ALIGN (0x4)
                0x00000000200000cc                _ebss = .
                0x00000000200000cc                __bss_end__ = _ebss

._user_heap_stack
                0x00000000200000cc      0x604 load address 0x00000000080014c4
                0x00000000200000d0                . = ALIGN (0x8)
 *fill*         0x00000000200000cc        0x4 
                [!provide]                        PROVIDE (end = .)
                0x00000000200000d0                PROVIDE (_end = .)
                0x00000000200002d0                . = (. + _Min_Heap_Size)
 *fill*         0x00000000200000d0      0x200 
                0x00000000200006d0                . = (. + _Min_Stack_Size)
 *fill*         0x00000000200002d0      0x400 
                0x00000000200006d0                . = ALIGN (0x8)

/DISCARD/
 libc.a(*)
 libm.a(*)
 libgcc.a(*)

.ARM.attributes
                0x0000000000000000       0x29
 *(.ARM.attributes)
 .ARM.attributes
                0x0000000000000000       0x1d d:/st/stm32cubeide_1.9.0/stm32cubeide/plugins/com.st.stm32cube.ide.mcu.externaltools.gnu-tools-for-stm32.10.3-2021.10.win32_1.0.0.202111181127/tools/bin/../lib/gcc/arm-none-eabi/10.3.1/thumb/v7-m/nofp/crti.o
 .ARM.attributes
                0x000000000000001d       0x2d d:/st/stm32cubeide_1.9.0/stm32cubeide/plugins/com.st.stm32cube.ide.mcu.externaltools.gnu-tools-for-stm32.10.3-2021.10.win32_1.0.0.202111181127/tools/bin/../lib/gcc/arm-none-eabi/10.3.1/thumb/v7-m/nofp/crtbegin.o
 .ARM.attributes
                0x000000000000004a       0x2d ./Core/CAN/CAN.o
 .ARM.attributes
                0x0000000000000077       0x2d ./Core/Console/Console.o
 .ARM.attributes
                0x00000000000000a4       0x2d ./Core/Src/main.o
 .ARM.attributes
                0x00000000000000d1       0x2d ./Core/Src/stm32f1xx_hal_msp.o
 .ARM.attributes
                0x00000000000000fe       0x2d ./Core/Src/stm32f1xx_it.o
 .ARM.attributes
                0x000000000000012b       0x2d ./Core/Src/system_stm32f1xx.o
 .ARM.attributes
                0x0000000000000158       0x21 ./Core/Startup/startup_stm32f103c8tx.o
 .ARM.attributes
                0x0000000000000179       0x2d ./Drivers/STM32F1xx_HAL_Driver/stm32f1xx_hal.o
 .ARM.attributes
                0x00000000000001a6       0x2d ./Drivers/STM32F1xx_HAL_Driver/stm32f1xx_hal_cortex.o
 .ARM.attributes
                0x00000000000001d3       0x2d ./Drivers/STM32F1xx_HAL_Driver/stm32f1xx_hal_rcc.o
 .ARM.attributes
                0x0000000000000200       0x2d d:/st/stm32cubeide_1.9.0/stm32cubeide/plugins/com.st.stm32cube.ide.mcu.externaltools.gnu-tools-for-stm32.10.3-2021.10.win32_1.0.0.202111181127/tools/bin/../lib/gcc/arm-none-eabi/10.3.1/../../../../arm-none-eabi/lib/thumb/v7-m/nofp\libc_nano.a(lib_a-init.o)
 .ARM.attributes
                0x000000000000022d       0x2d d:/st/stm32cubeide_1.9.0/stm32cubeide/plugins/com.st.stm32cube.ide.mcu.externaltools.gnu-tools-for-stm32.10.3-2021.10.win32_1.0.0.202111181127/tools/bin/../lib/gcc/arm-none-eabi/10.3.1/../../../../arm-none-eabi/lib/thumb/v7-m/nofp\libc_nano.a(lib_a-memset.o)
 .ARM.attributes
                0x000000000000025a       0x1d d:/st/stm32cubeide_1.9.0/stm32cubeide/plugins/com.st.stm32cube.ide.mcu.externaltools.gnu-tools-for-stm32.10.3-2021.10.win32_1.0.0.202111181127/tools/bin/../lib/gcc/arm-none-eabi/10.3.1/thumb/v7-m/nofp/crtn.o
OUTPUT(STM32F103_CAN_Project.elf elf32-littlearm)
LOAD linker stubs
LOAD d:/st/stm32cubeide_1.9.0/stm32cubeide/plugins/com.st.stm32cube.ide.mcu.externaltools.gnu-tools-for-stm32.10.3-2021.10.win32_1.0.0.202111181127/tools/bin/../lib/gcc/arm-none-eabi/10.3.1/../../../../arm-none-eabi/lib/thumb/v7-m/nofp\libc.a
LOAD d:/st/stm32cubeide_1.9.0/stm32cubeide/plugins/com.st.stm32cube.ide.mcu.externaltools.gnu-tools-for-stm32.10.3-2021.10.win32_1.0.0.202111181127/tools/bin/../lib/gcc/arm-none-eabi/10.3.1/../../../../arm-none-eabi/lib/thumb/v7-m/nofp\libm.a
LOAD d:/st/stm32cubeide_1.9.0/stm32cubeide/plugins/com.st.stm32cube.ide.mcu.externaltools.gnu-tools-for-stm32.10.3-2021.10.win32_1.0.0.202111181127/tools/bin/../lib/gcc/arm-none-eabi/10.3.1/thumb/v7-m/nofp\libgcc.a

.debug_info     0x0000000000000000     0x35ac
 .debug_info    0x0000000000000000      0x770 ./Core/CAN/CAN.o
 .debug_info    0x0000000000000770      0x36a ./Core/Console/Console.o
 .debug_info    0x0000000000000ada      0xa8d ./Core/Src/main.o
 .debug_info    0x0000000000001567      0x210 ./Core/Src/stm32f1xx_hal_msp.o
 .debug_info    0x0000000000001777      0x122 ./Core/Src/stm32f1xx_it.o
 .debug_info    0x0000000000001899      0x23d ./Core/Src/system_stm32f1xx.o
 .debug_info    0x0000000000001ad6       0x22 ./Core/Startup/startup_stm32f103c8tx.o
 .debug_info    0x0000000000001af8      0x734 ./Drivers/STM32F1xx_HAL_Driver/stm32f1xx_hal.o
 .debug_info    0x000000000000222c      0xb20 ./Drivers/STM32F1xx_HAL_Driver/stm32f1xx_hal_cortex.o
 .debug_info    0x0000000000002d4c      0x860 ./Drivers/STM32F1xx_HAL_Driver/stm32f1xx_hal_rcc.o

.debug_abbrev   0x0000000000000000     0x103b
 .debug_abbrev  0x0000000000000000      0x1d0 ./Core/CAN/CAN.o
 .debug_abbrev  0x00000000000001d0      0x194 ./Core/Console/Console.o
 .debug_abbrev  0x0000000000000364      0x2b2 ./Core/Src/main.o
 .debug_abbrev  0x0000000000000616       0xd4 ./Core/Src/stm32f1xx_hal_msp.o
 .debug_abbrev  0x00000000000006ea       0x74 ./Core/Src/stm32f1xx_it.o
 .debug_abbrev  0x000000000000075e      0x13b ./Core/Src/system_stm32f1xx.o
 .debug_abbrev  0x0000000000000899       0x12 ./Core/Startup/startup_stm32f103c8tx.o
 .debug_abbrev  0x00000000000008ab      0x1fb ./Drivers/STM32F1xx_HAL_Driver/stm32f1xx_hal.o
 .debug_abbrev  0x0000000000000aa6      0x2ed ./Drivers/STM32F1xx_HAL_Driver/stm32f1xx_hal_cortex.o
 .debug_abbrev  0x0000000000000d93      0x2a8 ./Drivers/STM32F1xx_HAL_Driver/stm32f1xx_hal_rcc.o

.debug_aranges  0x0000000000000000      0x3e8
 .debug_aranges
                0x0000000000000000       0x40 ./Core/CAN/CAN.o
 .debug_aranges
                0x0000000000000040       0x28 ./Core/Console/Console.o
 .debug_aranges
                0x0000000000000068       0x40 ./Core/Src/main.o
 .debug_aranges
                0x00000000000000a8       0x20 ./Core/Src/stm32f1xx_hal_msp.o
 .debug_aranges
                0x00000000000000c8       0x60 ./Core/Src/stm32f1xx_it.o
 .debug_aranges
                0x0000000000000128       0x28 ./Core/Src/system_stm32f1xx.o
 .debug_aranges
                0x0000000000000150       0x28 ./Core/Startup/startup_stm32f103c8tx.o
 .debug_aranges
                0x0000000000000178       0xe0 ./Drivers/STM32F1xx_HAL_Driver/stm32f1xx_hal.o
 .debug_aranges
                0x0000000000000258      0x100 ./Drivers/STM32F1xx_HAL_Driver/stm32f1xx_hal_cortex.o
 .debug_aranges
                0x0000000000000358       0x90 ./Drivers/STM32F1xx_HAL_Driver/stm32f1xx_hal_rcc.o

.debug_ranges   0x0000000000000000      0x350
 .debug_ranges  0x0000000000000000       0x30 ./Core/CAN/CAN.o
 .debug_ranges  0x0000000000000030       0x18 ./Core/Console/Console.o
 .debug_ranges  0x0000000000000048       0x30 ./Core/Src/main.o
 .debug_ranges  0x0000000000000078       0x10 ./Core/Src/stm32f1xx_hal_msp.o
 .debug_ranges  0x0000000000000088       0x50 ./Core/Src/stm32f1xx_it.o
 .debug_ranges  0x00000000000000d8       0x18 ./Core/Src/system_stm32f1xx.o
 .debug_ranges  0x00000000000000f0       0x20 ./Core/Startup/startup_stm32f103c8tx.o
 .debug_ranges  0x0000000000000110       0xd0 ./Drivers/STM32F1xx_HAL_Driver/stm32f1xx_hal.o
 .debug_ranges  0x00000000000001e0       0xf0 ./Drivers/STM32F1xx_HAL_Driver/stm32f1xx_hal_cortex.o
 .debug_ranges  0x00000000000002d0       0x80 ./Drivers/STM32F1xx_HAL_Driver/stm32f1xx_hal_rcc.o

.debug_macro    0x0000000000000000    0x16e92
 .debug_macro   0x0000000000000000      0x1c1 ./Core/CAN/CAN.o
 .debug_macro   0x00000000000001c1      0xa6c ./Core/CAN/CAN.o
 .debug_macro   0x0000000000000c2d      0x20f ./Core/CAN/CAN.o
 .debug_macro   0x0000000000000e3c       0x2e ./Core/CAN/CAN.o
 .debug_macro   0x0000000000000e6a       0x22 ./Core/CAN/CAN.o
 .debug_macro   0x0000000000000e8c       0x22 ./Core/CAN/CAN.o
 .debug_macro   0x0000000000000eae       0x8e ./Core/CAN/CAN.o
 .debug_macro   0x0000000000000f3c       0x51 ./Core/CAN/CAN.o
 .debug_macro   0x0000000000000f8d      0x103 ./Core/CAN/CAN.o
 .debug_macro   0x0000000000001090       0x6a ./Core/CAN/CAN.o
 .debug_macro   0x00000000000010fa      0x1df ./Core/CAN/CAN.o
 .debug_macro   0x00000000000012d9       0x1c ./Core/CAN/CAN.o
 .debug_macro   0x00000000000012f5       0x22 ./Core/CAN/CAN.o
 .debug_macro   0x0000000000001317       0xbd ./Core/CAN/CAN.o
 .debug_macro   0x00000000000013d4      0xd23 ./Core/CAN/CAN.o
 .debug_macro   0x00000000000020f7     0xe09e ./Core/CAN/CAN.o
 .debug_macro   0x0000000000010195       0x6d ./Core/CAN/CAN.o
 .debug_macro   0x0000000000010202     0x3468 ./Core/CAN/CAN.o
 .debug_macro   0x000000000001366a      0x174 ./Core/CAN/CAN.o
 .debug_macro   0x00000000000137de       0x5c ./Core/CAN/CAN.o
 .debug_macro   0x000000000001383a      0x5be ./Core/CAN/CAN.o
 .debug_macro   0x0000000000013df8      0x289 ./Core/CAN/CAN.o
 .debug_macro   0x0000000000014081      0x1cb ./Core/CAN/CAN.o
 .debug_macro   0x000000000001424c      0x114 ./Core/CAN/CAN.o
 .debug_macro   0x0000000000014360      0x1b2 ./Core/CAN/CAN.o
 .debug_macro   0x0000000000014512       0x27 ./Core/CAN/CAN.o
 .debug_macro   0x0000000000014539      0x136 ./Core/CAN/CAN.o
 .debug_macro   0x000000000001466f      0x1bc ./Core/CAN/CAN.o
 .debug_macro   0x000000000001482b       0x34 ./Core/CAN/CAN.o
 .debug_macro   0x000000000001485f       0x3c ./Core/CAN/CAN.o
 .debug_macro   0x000000000001489b       0x57 ./Core/CAN/CAN.o
 .debug_macro   0x00000000000148f2       0x88 ./Core/CAN/CAN.o
 .debug_macro   0x000000000001497a      0x241 ./Core/CAN/CAN.o
 .debug_macro   0x0000000000014bbb      0x141 ./Core/CAN/CAN.o
 .debug_macro   0x0000000000014cfc       0x83 ./Core/CAN/CAN.o
 .debug_macro   0x0000000000014d7f       0x52 ./Core/CAN/CAN.o
 .debug_macro   0x0000000000014dd1      0x106 ./Core/CAN/CAN.o
 .debug_macro   0x0000000000014ed7       0x2e ./Core/CAN/CAN.o
 .debug_macro   0x0000000000014f05      0x3a8 ./Core/Console/Console.o
 .debug_macro   0x00000000000152ad       0x4c ./Core/Console/Console.o
 .debug_macro   0x00000000000152f9       0x52 ./Core/Console/Console.o
 .debug_macro   0x000000000001534b       0x18 ./Core/Console/Console.o
 .debug_macro   0x0000000000015363       0x3c ./Core/Console/Console.o
 .debug_macro   0x000000000001539f       0x34 ./Core/Console/Console.o
 .debug_macro   0x00000000000153d3       0x16 ./Core/Console/Console.o
 .debug_macro   0x00000000000153e9       0x43 ./Core/Console/Console.o
 .debug_macro   0x000000000001542c       0x34 ./Core/Console/Console.o
 .debug_macro   0x0000000000015460       0x10 ./Core/Console/Console.o
 .debug_macro   0x0000000000015470       0x58 ./Core/Console/Console.o
 .debug_macro   0x00000000000154c8       0x71 ./Core/Console/Console.o
 .debug_macro   0x0000000000015539       0x1c ./Core/Console/Console.o
 .debug_macro   0x0000000000015555      0x12a ./Core/Console/Console.o
 .debug_macro   0x000000000001567f      0x341 ./Core/Console/Console.o
 .debug_macro   0x00000000000159c0       0x10 ./Core/Console/Console.o
 .debug_macro   0x00000000000159d0       0x35 ./Core/Console/Console.o
 .debug_macro   0x0000000000015a05       0x20 ./Core/Console/Console.o
 .debug_macro   0x0000000000015a25       0x22 ./Core/Console/Console.o
 .debug_macro   0x0000000000015a47       0x16 ./Core/Console/Console.o
 .debug_macro   0x0000000000015a5d       0x16 ./Core/Console/Console.o
 .debug_macro   0x0000000000015a73       0x29 ./Core/Console/Console.o
 .debug_macro   0x0000000000015a9c       0x58 ./Core/Console/Console.o
 .debug_macro   0x0000000000015af4       0x1c ./Core/Console/Console.o
 .debug_macro   0x0000000000015b10       0x10 ./Core/Console/Console.o
 .debug_macro   0x0000000000015b20       0x1c ./Core/Console/Console.o
 .debug_macro   0x0000000000015b3c       0x52 ./Core/Console/Console.o
 .debug_macro   0x0000000000015b8e       0x22 ./Core/Console/Console.o
 .debug_macro   0x0000000000015bb0       0x10 ./Core/Console/Console.o
 .debug_macro   0x0000000000015bc0       0x52 ./Core/Console/Console.o
 .debug_macro   0x0000000000015c12       0xd5 ./Core/Console/Console.o
 .debug_macro   0x0000000000015ce7       0x1c ./Core/Console/Console.o
 .debug_macro   0x0000000000015d03       0x3d ./Core/Console/Console.o
 .debug_macro   0x0000000000015d40       0x16 ./Core/Console/Console.o
 .debug_macro   0x0000000000015d56      0x145 ./Core/Console/Console.o
 .debug_macro   0x0000000000015e9b       0x10 ./Core/Console/Console.o
 .debug_macro   0x0000000000015eab      0x460 ./Core/Console/Console.o
 .debug_macro   0x000000000001630b      0x1bd ./Core/Src/main.o
 .debug_macro   0x00000000000164c8      0x1bd ./Core/Src/stm32f1xx_hal_msp.o
 .debug_macro   0x0000000000016685      0x1c7 ./Core/Src/stm32f1xx_it.o
 .debug_macro   0x000000000001684c      0x184 ./Core/Src/system_stm32f1xx.o
 .debug_macro   0x00000000000169d0      0x1a8 ./Drivers/STM32F1xx_HAL_Driver/stm32f1xx_hal.o
 .debug_macro   0x0000000000016b78      0x184 ./Drivers/STM32F1xx_HAL_Driver/stm32f1xx_hal_cortex.o
 .debug_macro   0x0000000000016cfc      0x196 ./Drivers/STM32F1xx_HAL_Driver/stm32f1xx_hal_rcc.o

.debug_line     0x0000000000000000     0x5cd6
 .debug_line    0x0000000000000000      0xbe3 ./Core/CAN/CAN.o
 .debug_line    0x0000000000000be3      0xb09 ./Core/Console/Console.o
 .debug_line    0x00000000000016ec      0x920 ./Core/Src/main.o
 .debug_line    0x000000000000200c      0x828 ./Core/Src/stm32f1xx_hal_msp.o
 .debug_line    0x0000000000002834      0x8ea ./Core/Src/stm32f1xx_it.o
 .debug_line    0x000000000000311e      0x783 ./Core/Src/system_stm32f1xx.o
 .debug_line    0x00000000000038a1       0x87 ./Core/Startup/startup_stm32f103c8tx.o
 .debug_line    0x0000000000003928      0x9e8 ./Drivers/STM32F1xx_HAL_Driver/stm32f1xx_hal.o
 .debug_line    0x0000000000004310      0xbd0 ./Drivers/STM32F1xx_HAL_Driver/stm32f1xx_hal_cortex.o
 .debug_line    0x0000000000004ee0      0xdf6 ./Drivers/STM32F1xx_HAL_Driver/stm32f1xx_hal_rcc.o

.debug_str      0x0000000000000000    0x80f2f
 .debug_str     0x0000000000000000    0x7af8b ./Core/CAN/CAN.o
                                      0x7b2d3 (size before relaxing)
 .debug_str     0x000000000007af8b     0x504c ./Core/Console/Console.o
                                      0x8014f (size before relaxing)
 .debug_str     0x000000000007ffd7      0x480 ./Core/Src/main.o
                                      0x7b7b7 (size before relaxing)
 .debug_str     0x0000000000080457       0x50 ./Core/Src/stm32f1xx_hal_msp.o
                                      0x7b0c5 (size before relaxing)
 .debug_str     0x00000000000804a7       0xc9 ./Core/Src/stm32f1xx_it.o
                                      0x7b0da (size before relaxing)
 .debug_str     0x0000000000080570       0x78 ./Core/Src/system_stm32f1xx.o
                                      0x7aacf (size before relaxing)
 .debug_str     0x00000000000805e8       0x36 ./Core/Startup/startup_stm32f103c8tx.o
                                         0x82 (size before relaxing)
 .debug_str     0x000000000008061e      0x3cd ./Drivers/STM32F1xx_HAL_Driver/stm32f1xx_hal.o
                                      0x7b23a (size before relaxing)
 .debug_str     0x00000000000809eb      0x2ae ./Drivers/STM32F1xx_HAL_Driver/stm32f1xx_hal_cortex.o
                                      0x7b186 (size before relaxing)
 .debug_str     0x0000000000080c99      0x296 ./Drivers/STM32F1xx_HAL_Driver/stm32f1xx_hal_rcc.o
                                      0x7af36 (size before relaxing)

.comment        0x0000000000000000       0x50
 .comment       0x0000000000000000       0x50 ./Core/CAN/CAN.o
                                         0x51 (size before relaxing)
 .comment       0x0000000000000050       0x51 ./Core/Console/Console.o
 .comment       0x0000000000000050       0x51 ./Core/Src/main.o
 .comment       0x0000000000000050       0x51 ./Core/Src/stm32f1xx_hal_msp.o
 .comment       0x0000000000000050       0x51 ./Core/Src/stm32f1xx_it.o
 .comment       0x0000000000000050       0x51 ./Core/Src/system_stm32f1xx.o
 .comment       0x0000000000000050       0x51 ./Drivers/STM32F1xx_HAL_Driver/stm32f1xx_hal.o
 .comment       0x0000000000000050       0x51 ./Drivers/STM32F1xx_HAL_Driver/stm32f1xx_hal_cortex.o
 .comment       0x0000000000000050       0x51 ./Drivers/STM32F1xx_HAL_Driver/stm32f1xx_hal_rcc.o

.debug_frame    0x0000000000000000      0xd50
 .debug_frame   0x0000000000000000       0xd8 ./Core/CAN/CAN.o
 .debug_frame   0x00000000000000d8       0x74 ./Core/Console/Console.o
 .debug_frame   0x000000000000014c       0xac ./Core/Src/main.o
 .debug_frame   0x00000000000001f8       0x38 ./Core/Src/stm32f1xx_hal_msp.o
 .debug_frame   0x0000000000000230      0x104 ./Core/Src/stm32f1xx_it.o
 .debug_frame   0x0000000000000334       0x58 ./Core/Src/system_stm32f1xx.o
 .debug_frame   0x000000000000038c      0x334 ./Drivers/STM32F1xx_HAL_Driver/stm32f1xx_hal.o
 .debug_frame   0x00000000000006c0      0x428 ./Drivers/STM32F1xx_HAL_Driver/stm32f1xx_hal_cortex.o
 .debug_frame   0x0000000000000ae8      0x21c ./Drivers/STM32F1xx_HAL_Driver/stm32f1xx_hal_rcc.o
 .debug_frame   0x0000000000000d04       0x2c d:/st/stm32cubeide_1.9.0/stm32cubeide/plugins/com.st.stm32cube.ide.mcu.externaltools.gnu-tools-for-stm32.10.3-2021.10.win32_1.0.0.202111181127/tools/bin/../lib/gcc/arm-none-eabi/10.3.1/../../../../arm-none-eabi/lib/thumb/v7-m/nofp\libc_nano.a(lib_a-init.o)
 .debug_frame   0x0000000000000d30       0x20 d:/st/stm32cubeide_1.9.0/stm32cubeide/plugins/com.st.stm32cube.ide.mcu.externaltools.gnu-tools-for-stm32.10.3-2021.10.win32_1.0.0.202111181127/tools/bin/../lib/gcc/arm-none-eabi/10.3.1/../../../../arm-none-eabi/lib/thumb/v7-m/nofp\libc_nano.a(lib_a-memset.o)
